// Jest Snapshot v1, https://goo.gl/fbAQLP

exports[`AddVersionDialog component renders 1`] = `
<Dialog
  buttons={
    Array [
      <button
        className="button"
        disabled={false}
        onClick={[Function]}
      >
        Add
      </button>,
      <button
        className="cancel"
        onClick={[Function]}
      >
        Cancel
      </button>,
    ]
  }
  className="add-version-dialog"
  isCentered={true}
  isShowing={true}
  isShowingBackdrop={true}
  key="add-version-dialog"
  onClose={[Function]}
>
  <label
    className="force-button"
    htmlFor="custom-electron-version"
  >
    Select the folder containing 
    Electron.app
  </label>
  <input
    id="custom-electron-version"
    name="custom-electron-version"
    onChange={[Function]}
    type="file"
    webkitdirectory="true"
  />
</Dialog>
`;
