// Jest Snapshot v1, https://goo.gl/fbAQLP

exports[`VersionSelect component renders 1`] = `
<Blueprint3.ButtonGroup>
  <VersionSelect
    appState={
      Object {
        "channelsToShow": Array [
          "Stable",
          "Beta",
        ],
        "currentElectronVersion": Object {
          "source": "remote",
          "state": "ready",
          "version": "2.0.2",
        },
        "setVersion": [MockFunction],
        "statesToShow": Array [
          "ready",
          "downloading",
        ],
        "version": "2.0.2",
        "versions": Object {
          "1.0.0": Object {
            "source": "remote",
            "state": "unknown",
            "version": "1.0.0",
          },
          "1.8.7": Object {
            "source": "remote",
            "state": "ready",
            "version": "1.8.7",
          },
          "2.0.1": Object {
            "source": "remote",
            "state": "ready",
            "version": "2.0.1",
          },
          "2.0.2": Object {
            "source": "remote",
            "state": "ready",
            "version": "2.0.2",
          },
          "3.0.0-unsupported": Object {
            "source": "remote",
            "state": "unknown",
            "version": "3.0.0-unsupported",
          },
          "3.1.3": undefined,
        },
        "versionsToShow": Array [
          Object {
            "source": "remote",
            "state": "ready",
            "version": "2.0.2",
          },
          Object {
            "source": "remote",
            "state": "ready",
            "version": "2.0.1",
          },
          Object {
            "source": "remote",
            "state": "ready",
            "version": "1.8.7",
          },
          Object {
            "source": "remote",
            "state": "unknown",
            "version": "1.0.0",
          },
          Object {
            "source": "remote",
            "state": "unknown",
            "version": "3.0.0-unsupported",
          },
        ],
      }
    }
    currentVersion={
      Object {
        "source": "remote",
        "state": "ready",
        "version": "2.0.2",
      }
    }
    disabled={false}
    onVersionSelect={[Function]}
  />
</Blueprint3.ButtonGroup>
`;
