// Jest Snapshot v1, https://goo.gl/fbAQLP

exports[`Commands component renders 1`] = `
<div
  className="commands"
>
  <div>
    <Blueprint3.ControlGroup
      fill={true}
      vertical={false}
    >
      <version-chooser
        appState={"default StateMock"}
      />
      <runner
        appState={"default StateMock"}
      />
    </Blueprint3.ControlGroup>
    <Blueprint3.ControlGroup
      fill={true}
      vertical={false}
    >
      <Blueprint3.Button
        active={true}
        icon="console"
        text="Console"
      />
      <EditorDropdown
        appState={"default StateMock"}
      />
    </Blueprint3.ControlGroup>
  </div>
  <div>
    <address-bar
      appState={"default StateMock"}
    />
    <action-button
      appState={"default StateMock"}
    />
  </div>
</div>
`;
