// Jest Snapshot v1, https://goo.gl/fbAQLP

exports[`Action button component renders 1`] = `
<Fragment>
  <fieldset
    disabled={false}
  >
    <Blueprint4.ButtonGroup
      className="button-gist-action"
    >
      <Blueprint4.Popover2
        boundary="clippingParents"
        captureDismiss={false}
        content={
          <Blueprint4.Menu>
            <Blueprint4.MenuItem2
              active={false}
              disabled={false}
              icon="lock"
              multiline={false}
              onClick={[Function]}
              popoverProps={Object {}}
              shouldDismissPopover={true}
              text="Private"
            />
            <Blueprint4.MenuItem2
              active={true}
              disabled={false}
              icon="unlock"
              multiline={false}
              onClick={[Function]}
              popoverProps={Object {}}
              shouldDismissPopover={true}
              text="Public"
            />
          </Blueprint4.Menu>
        }
        defaultIsOpen={false}
        disabled={false}
        fill={false}
        hasBackdrop={false}
        hoverCloseDelay={300}
        hoverOpenDelay={150}
        inheritDarkTheme={true}
        interactionKind="click"
        matchTargetWidth={false}
        minimal={false}
        openOnTargetFocus={true}
        placement="bottom"
        positioningStrategy="absolute"
        shouldReturnFocusOnClose={false}
        targetTagName="span"
        transitionDuration={300}
        usePortal={true}
      >
        <Blueprint4.Button
          icon="unlock"
        />
      </Blueprint4.Popover2>
      <Blueprint4.Button
        icon="upload"
        loading={false}
        onClick={[Function]}
        text="Publish"
      />
    </Blueprint4.ButtonGroup>
  </fieldset>
  <Blueprint4.Toaster
    autoFocus={false}
    canEscapeKeyClear={true}
    position="bottom-right"
    usePortal={true}
  />
</Fragment>
`;
