// Jest Snapshot v1, https://goo.gl/fbAQLP

exports[`VersionSelect component renders 1`] = `
<Blueprint3.ButtonGroup>
  <VersionSelect
    appState={
      Object {
        "channelsToShow": Array [
          "Stable",
          "Beta",
        ],
        "currentElectronVersion": Object {
          "source": "remote",
          "state": "ready",
          "version": "2.0.2",
        },
        "version": "2.0.2",
        "versions": Array [
          "2.0.3 ready remote",
          "2.0.2 ready remote",
          "2.0.1 ready remote",
          "2.0.0 ready remote",
          "1.8.7 ready remote",
          "1.0.0 unknown remote",
          "3.0.0-unsupported unknown remote",
        ],
        "versionsToShow": Array [
          "2.0.3",
          "2.0.2",
          "2.0.1",
          "2.0.0",
          "1.8.7",
          "1.0.0",
          "3.0.0-unsupported",
        ],
      }
    }
    currentVersion={
      Object {
        "source": "remote",
        "state": "ready",
        "version": "2.0.2",
      }
    }
    disabled={true}
    onVersionSelect={[Function]}
  />
</Blueprint3.ButtonGroup>
`;
