// Jest Snapshot v1, https://goo.gl/fbAQLP

exports[`AddressBar component renders 1`] = `
<form
  className="address-bar empty"
  onSubmit={[Function]}
>
  <input
    key="addressbar"
    onChange={[Function]}
    onInvalid={[Function]}
    pattern="https:\\\\/\\\\/gist\\\\.github\\\\.com\\\\/(.+)$"
    placeholder="https://gist.github.com/..."
    value={null}
  />
</form>
`;
