// Jest Snapshot v1, https://goo.gl/fbAQLP

exports[`BisectCompleteDialog component renders 1`] = `
<Blueprint3.Dialog
  canOutsideClickClose={true}
  className="dialog-add-version"
  isOpen={true}
  onClose={[Function]}
  title="Bisect complete"
>
  <div
    className="bp3-dialog-body"
  >
    Check between versions 
    0.0.0
     and 
    0.0.1
  </div>
  <div
    className="bp3-dialog-footer"
  >
    <div
      className="bp3-dialog-footer-actions"
    >
      <Blueprint3.Button
        icon="cross"
        key="Close"
        onClick={[Function]}
        text="Close"
      />
    </div>
  </div>
</Blueprint3.Dialog>
`;
