// Jest Snapshot v1, https://goo.gl/fbAQLP

exports[`Editors component renders 1`] = `
<div
  className="mosaic-blueprint-theme mosaic mosaic-drop-target"
>
  <div
    className="mosaic-zero-state bp3-non-ideal-state"
  >
    <div
      className="bp3-non-ideal-state-visual"
    >
      <span
        className="bp3-icon bp3-icon-applications"
        icon="applications"
      >
        <svg
          data-icon="applications"
          height={120}
          viewBox="0 0 20 20"
          width={120}
        >
          <desc>
            applications
          </desc>
          <path
            d="M15 5H1c-.55 0-1 .45-1 1v13c0 .55.45 1 1 1h14c.55 0 1-.45 1-1V6c0-.55-.45-1-1-1zm-1 13H2V8h12v10zM3.5 10h7c.28 0 .5-.22.5-.5s-.22-.5-.5-.5h-7c-.28 0-.5.22-.5.5s.22.5.5.5zm0 2h3c.28 0 .5-.22.5-.5s-.22-.5-.5-.5h-3c-.28 0-.5.22-.5.5s.22.5.5.5zm0 2h5c.28 0 .5-.22.5-.5s-.22-.5-.5-.5h-5c-.28 0-.5.22-.5.5s.22.5.5.5zM19 0H5c-.55 0-1 .45-1 1v3h2V3h12v10h-1v2h2c.55 0 1-.45 1-1V1c0-.55-.45-1-1-1z"
            fillRule="evenodd"
            key="0"
          />
        </svg>
      </span>
    </div>
    <h4
      className="bp3-heading"
    >
      No Windows Present
    </h4>
    <div />
  </div>
  <div
    className="drop-target-container"
  >
    <div
      className="drop-target top"
    />
    <div
      className="drop-target bottom"
    />
    <div
      className="drop-target left"
    />
    <div
      className="drop-target right"
    />
  </div>
</div>
`;

exports[`Editors component renders a toolbar 1`] = `
<div>
  <div>
    <h5>
      Main Process
    </h5>
  </div>
  <div />
  <div
    className="mosaic-controls"
  >
    <MaximizeButton
      appState={
        Object {
          "isSettingsShowing": false,
          "isTokenDialogShowing": false,
          "setWarningDialogTexts": [Function],
        }
      }
      id="main"
    />
    <RemoveButton
      appState={
        Object {
          "isSettingsShowing": false,
          "isTokenDialogShowing": false,
          "setWarningDialogTexts": [Function],
        }
      }
      id="main"
    />
  </div>
</div>
`;
