// Jest Snapshot v1, https://goo.gl/fbAQLP

exports[`Editors component renders 1`] = `
<div
  className="mosaic-blueprint-theme mosaic mosaic-drop-target"
>
  <div
    className="mosaic-root"
  >
    <div
      className="mosaic-tile"
      key="main"
      style={
        Object {
          "bottom": "50%",
          "left": "0%",
          "right": "50%",
          "top": "0%",
        }
      }
    >
      <div
        className="mosaic-window mosaic-drop-target main"
      >
        <div
          className="mosaic-window-toolbar draggable"
        >
          <div>
            <div>
              <h5>
                Main Process (main.js)
              </h5>
            </div>
            <div />
            <div
              className="mosaic-controls"
            >
              <button
                className="bp3-button bp3-small"
                onClick={[Function]}
                onKeyDown={[Function]}
                onKeyUp={[Function]}
                type="button"
              >
                <span
                  className="bp3-icon bp3-icon-maximize"
                  icon="maximize"
                >
                  <svg
                    data-icon="maximize"
                    height={16}
                    viewBox="0 0 16 16"
                    width={16}
                  >
                    <desc>
                      maximize
                    </desc>
                    <path
                      d="M5.99 8.99c-.28 0-.53.11-.71.29l-3.29 3.29v-1.59c0-.55-.45-1-1-1s-1 .45-1 1v4c0 .55.45 1 1 1h4c.55 0 1-.45 1-1s-.45-1-1-1H3.41L6.7 10.7a1.003 1.003 0 00-.71-1.71zm9-9h-4c-.55 0-1 .45-1 1s.45 1 1 1h1.59l-3.3 3.3a.99.99 0 00-.29.7 1.003 1.003 0 001.71.71l3.29-3.29V5c0 .55.45 1 1 1s1-.45 1-1V1c0-.56-.45-1.01-1-1.01z"
                      fillRule="evenodd"
                      key="0"
                    />
                  </svg>
                </span>
              </button>
              <button
                className="bp3-button bp3-small"
                onClick={[Function]}
                onKeyDown={[Function]}
                onKeyUp={[Function]}
                type="button"
              >
                <span
                  className="bp3-icon bp3-icon-cross"
                  icon="cross"
                >
                  <svg
                    data-icon="cross"
                    height={16}
                    viewBox="0 0 16 16"
                    width={16}
                  >
                    <desc>
                      cross
                    </desc>
                    <path
                      d="M9.41 8l3.29-3.29c.19-.18.3-.43.3-.71a1.003 1.003 0 00-1.71-.71L8 6.59l-3.29-3.3a1.003 1.003 0 00-1.42 1.42L6.59 8 3.3 11.29c-.19.18-.3.43-.3.71a1.003 1.003 0 001.71.71L8 9.41l3.29 3.29c.18.19.43.3.71.3a1.003 1.003 0 00.71-1.71L9.41 8z"
                      fillRule="evenodd"
                      key="0"
                    />
                  </svg>
                </span>
              </button>
            </div>
          </div>
        </div>
        <div
          className="mosaic-window-body"
        >
          Editor
        </div>
        <div
          className="mosaic-window-body-overlay"
          onClick={[Function]}
        />
        <div
          className="mosaic-window-additional-actions-bar"
        />
        <div
          className="mosaic-preview"
        >
          <div
            className="mosaic-window-toolbar"
          >
            <div
              className="mosaic-window-title"
            >
              Main Process (main.js)
            </div>
          </div>
          <div
            className="mosaic-window-body"
          >
            <h4>
              Main Process (main.js)
            </h4>
            <span
              className="bp3-icon bp3-icon-application"
              icon="application"
            >
              <svg
                data-icon="application"
                height={72}
                viewBox="0 0 20 20"
                width={72}
              >
                <desc>
                  application
                </desc>
                <path
                  d="M3.5 9h9c.28 0 .5-.22.5-.5s-.22-.5-.5-.5h-9c-.28 0-.5.22-.5.5s.22.5.5.5zm0 2h5c.28 0 .5-.22.5-.5s-.22-.5-.5-.5h-5c-.28 0-.5.22-.5.5s.22.5.5.5zM19 1H1c-.55 0-1 .45-1 1v16c0 .55.45 1 1 1h18c.55 0 1-.45 1-1V2c0-.55-.45-1-1-1zm-1 16H2V6h16v11zM3.5 13h7c.28 0 .5-.22.5-.5s-.22-.5-.5-.5h-7c-.28 0-.5.22-.5.5s.22.5.5.5z"
                  fillRule="evenodd"
                  key="0"
                />
              </svg>
            </span>
          </div>
        </div>
        <div
          className="drop-target-container"
        >
          <div
            className="drop-target top"
          />
          <div
            className="drop-target bottom"
          />
          <div
            className="drop-target left"
          />
          <div
            className="drop-target right"
          />
        </div>
      </div>
    </div>
    <div
      className="mosaic-split -column"
      onMouseDown={[Function]}
      style={
        Object {
          "bottom": "0%",
          "left": "0%",
          "right": "50%",
          "top": "50%",
        }
      }
    >
      <div
        className="mosaic-split-line"
      />
    </div>
    <div
      className="mosaic-tile"
      key="renderer"
      style={
        Object {
          "bottom": "0%",
          "left": "0%",
          "right": "50%",
          "top": "50%",
        }
      }
    >
      <div
        className="mosaic-window mosaic-drop-target renderer"
      >
        <div
          className="mosaic-window-toolbar draggable"
        >
          <div>
            <div>
              <h5>
                Renderer Process (renderer.js)
              </h5>
            </div>
            <div />
            <div
              className="mosaic-controls"
            >
              <button
                className="bp3-button bp3-small"
                onClick={[Function]}
                onKeyDown={[Function]}
                onKeyUp={[Function]}
                type="button"
              >
                <span
                  className="bp3-icon bp3-icon-maximize"
                  icon="maximize"
                >
                  <svg
                    data-icon="maximize"
                    height={16}
                    viewBox="0 0 16 16"
                    width={16}
                  >
                    <desc>
                      maximize
                    </desc>
                    <path
                      d="M5.99 8.99c-.28 0-.53.11-.71.29l-3.29 3.29v-1.59c0-.55-.45-1-1-1s-1 .45-1 1v4c0 .55.45 1 1 1h4c.55 0 1-.45 1-1s-.45-1-1-1H3.41L6.7 10.7a1.003 1.003 0 00-.71-1.71zm9-9h-4c-.55 0-1 .45-1 1s.45 1 1 1h1.59l-3.3 3.3a.99.99 0 00-.29.7 1.003 1.003 0 001.71.71l3.29-3.29V5c0 .55.45 1 1 1s1-.45 1-1V1c0-.56-.45-1.01-1-1.01z"
                      fillRule="evenodd"
                      key="0"
                    />
                  </svg>
                </span>
              </button>
              <button
                className="bp3-button bp3-small"
                onClick={[Function]}
                onKeyDown={[Function]}
                onKeyUp={[Function]}
                type="button"
              >
                <span
                  className="bp3-icon bp3-icon-cross"
                  icon="cross"
                >
                  <svg
                    data-icon="cross"
                    height={16}
                    viewBox="0 0 16 16"
                    width={16}
                  >
                    <desc>
                      cross
                    </desc>
                    <path
                      d="M9.41 8l3.29-3.29c.19-.18.3-.43.3-.71a1.003 1.003 0 00-1.71-.71L8 6.59l-3.29-3.3a1.003 1.003 0 00-1.42 1.42L6.59 8 3.3 11.29c-.19.18-.3.43-.3.71a1.003 1.003 0 001.71.71L8 9.41l3.29 3.29c.18.19.43.3.71.3a1.003 1.003 0 00.71-1.71L9.41 8z"
                      fillRule="evenodd"
                      key="0"
                    />
                  </svg>
                </span>
              </button>
            </div>
          </div>
        </div>
        <div
          className="mosaic-window-body"
        >
          Editor
        </div>
        <div
          className="mosaic-window-body-overlay"
          onClick={[Function]}
        />
        <div
          className="mosaic-window-additional-actions-bar"
        />
        <div
          className="mosaic-preview"
        >
          <div
            className="mosaic-window-toolbar"
          >
            <div
              className="mosaic-window-title"
            >
              Renderer Process (renderer.js)
            </div>
          </div>
          <div
            className="mosaic-window-body"
          >
            <h4>
              Renderer Process (renderer.js)
            </h4>
            <span
              className="bp3-icon bp3-icon-application"
              icon="application"
            >
              <svg
                data-icon="application"
                height={72}
                viewBox="0 0 20 20"
                width={72}
              >
                <desc>
                  application
                </desc>
                <path
                  d="M3.5 9h9c.28 0 .5-.22.5-.5s-.22-.5-.5-.5h-9c-.28 0-.5.22-.5.5s.22.5.5.5zm0 2h5c.28 0 .5-.22.5-.5s-.22-.5-.5-.5h-5c-.28 0-.5.22-.5.5s.22.5.5.5zM19 1H1c-.55 0-1 .45-1 1v16c0 .55.45 1 1 1h18c.55 0 1-.45 1-1V2c0-.55-.45-1-1-1zm-1 16H2V6h16v11zM3.5 13h7c.28 0 .5-.22.5-.5s-.22-.5-.5-.5h-7c-.28 0-.5.22-.5.5s.22.5.5.5z"
                  fillRule="evenodd"
                  key="0"
                />
              </svg>
            </span>
          </div>
        </div>
        <div
          className="drop-target-container"
        >
          <div
            className="drop-target top"
          />
          <div
            className="drop-target bottom"
          />
          <div
            className="drop-target left"
          />
          <div
            className="drop-target right"
          />
        </div>
      </div>
    </div>
    <div
      className="mosaic-split -row"
      onMouseDown={[Function]}
      style={
        Object {
          "bottom": "0%",
          "left": "50%",
          "right": "0%",
          "top": "0%",
        }
      }
    >
      <div
        className="mosaic-split-line"
      />
    </div>
    <div
      className="mosaic-tile"
      key="preload"
      style={
        Object {
          "bottom": "50%",
          "left": "50%",
          "right": "0%",
          "top": "0%",
        }
      }
    >
      <div
        className="mosaic-window mosaic-drop-target preload"
      >
        <div
          className="mosaic-window-toolbar draggable"
        >
          <div>
            <div>
              <h5>
                Preload (preload.js)
              </h5>
            </div>
            <div />
            <div
              className="mosaic-controls"
            >
              <button
                className="bp3-button bp3-small"
                onClick={[Function]}
                onKeyDown={[Function]}
                onKeyUp={[Function]}
                type="button"
              >
                <span
                  className="bp3-icon bp3-icon-maximize"
                  icon="maximize"
                >
                  <svg
                    data-icon="maximize"
                    height={16}
                    viewBox="0 0 16 16"
                    width={16}
                  >
                    <desc>
                      maximize
                    </desc>
                    <path
                      d="M5.99 8.99c-.28 0-.53.11-.71.29l-3.29 3.29v-1.59c0-.55-.45-1-1-1s-1 .45-1 1v4c0 .55.45 1 1 1h4c.55 0 1-.45 1-1s-.45-1-1-1H3.41L6.7 10.7a1.003 1.003 0 00-.71-1.71zm9-9h-4c-.55 0-1 .45-1 1s.45 1 1 1h1.59l-3.3 3.3a.99.99 0 00-.29.7 1.003 1.003 0 001.71.71l3.29-3.29V5c0 .55.45 1 1 1s1-.45 1-1V1c0-.56-.45-1.01-1-1.01z"
                      fillRule="evenodd"
                      key="0"
                    />
                  </svg>
                </span>
              </button>
              <button
                className="bp3-button bp3-small"
                onClick={[Function]}
                onKeyDown={[Function]}
                onKeyUp={[Function]}
                type="button"
              >
                <span
                  className="bp3-icon bp3-icon-cross"
                  icon="cross"
                >
                  <svg
                    data-icon="cross"
                    height={16}
                    viewBox="0 0 16 16"
                    width={16}
                  >
                    <desc>
                      cross
                    </desc>
                    <path
                      d="M9.41 8l3.29-3.29c.19-.18.3-.43.3-.71a1.003 1.003 0 00-1.71-.71L8 6.59l-3.29-3.3a1.003 1.003 0 00-1.42 1.42L6.59 8 3.3 11.29c-.19.18-.3.43-.3.71a1.003 1.003 0 001.71.71L8 9.41l3.29 3.29c.18.19.43.3.71.3a1.003 1.003 0 00.71-1.71L9.41 8z"
                      fillRule="evenodd"
                      key="0"
                    />
                  </svg>
                </span>
              </button>
            </div>
          </div>
        </div>
        <div
          className="mosaic-window-body"
        >
          Editor
        </div>
        <div
          className="mosaic-window-body-overlay"
          onClick={[Function]}
        />
        <div
          className="mosaic-window-additional-actions-bar"
        />
        <div
          className="mosaic-preview"
        >
          <div
            className="mosaic-window-toolbar"
          >
            <div
              className="mosaic-window-title"
            >
              Preload (preload.js)
            </div>
          </div>
          <div
            className="mosaic-window-body"
          >
            <h4>
              Preload (preload.js)
            </h4>
            <span
              className="bp3-icon bp3-icon-application"
              icon="application"
            >
              <svg
                data-icon="application"
                height={72}
                viewBox="0 0 20 20"
                width={72}
              >
                <desc>
                  application
                </desc>
                <path
                  d="M3.5 9h9c.28 0 .5-.22.5-.5s-.22-.5-.5-.5h-9c-.28 0-.5.22-.5.5s.22.5.5.5zm0 2h5c.28 0 .5-.22.5-.5s-.22-.5-.5-.5h-5c-.28 0-.5.22-.5.5s.22.5.5.5zM19 1H1c-.55 0-1 .45-1 1v16c0 .55.45 1 1 1h18c.55 0 1-.45 1-1V2c0-.55-.45-1-1-1zm-1 16H2V6h16v11zM3.5 13h7c.28 0 .5-.22.5-.5s-.22-.5-.5-.5h-7c-.28 0-.5.22-.5.5s.22.5.5.5z"
                  fillRule="evenodd"
                  key="0"
                />
              </svg>
            </span>
          </div>
        </div>
        <div
          className="drop-target-container"
        >
          <div
            className="drop-target top"
          />
          <div
            className="drop-target bottom"
          />
          <div
            className="drop-target left"
          />
          <div
            className="drop-target right"
          />
        </div>
      </div>
    </div>
    <div
      className="mosaic-split -column"
      onMouseDown={[Function]}
      style={
        Object {
          "bottom": "0%",
          "left": "50%",
          "right": "0%",
          "top": "50%",
        }
      }
    >
      <div
        className="mosaic-split-line"
      />
    </div>
    <div
      className="mosaic-tile"
      key="html"
      style={
        Object {
          "bottom": "25%",
          "left": "50%",
          "right": "0%",
          "top": "50%",
        }
      }
    >
      <div
        className="mosaic-window mosaic-drop-target html"
      >
        <div
          className="mosaic-window-toolbar draggable"
        >
          <div>
            <div>
              <h5>
                HTML (index.html)
              </h5>
            </div>
            <div />
            <div
              className="mosaic-controls"
            >
              <button
                className="bp3-button bp3-small"
                onClick={[Function]}
                onKeyDown={[Function]}
                onKeyUp={[Function]}
                type="button"
              >
                <span
                  className="bp3-icon bp3-icon-maximize"
                  icon="maximize"
                >
                  <svg
                    data-icon="maximize"
                    height={16}
                    viewBox="0 0 16 16"
                    width={16}
                  >
                    <desc>
                      maximize
                    </desc>
                    <path
                      d="M5.99 8.99c-.28 0-.53.11-.71.29l-3.29 3.29v-1.59c0-.55-.45-1-1-1s-1 .45-1 1v4c0 .55.45 1 1 1h4c.55 0 1-.45 1-1s-.45-1-1-1H3.41L6.7 10.7a1.003 1.003 0 00-.71-1.71zm9-9h-4c-.55 0-1 .45-1 1s.45 1 1 1h1.59l-3.3 3.3a.99.99 0 00-.29.7 1.003 1.003 0 001.71.71l3.29-3.29V5c0 .55.45 1 1 1s1-.45 1-1V1c0-.56-.45-1.01-1-1.01z"
                      fillRule="evenodd"
                      key="0"
                    />
                  </svg>
                </span>
              </button>
              <button
                className="bp3-button bp3-small"
                onClick={[Function]}
                onKeyDown={[Function]}
                onKeyUp={[Function]}
                type="button"
              >
                <span
                  className="bp3-icon bp3-icon-cross"
                  icon="cross"
                >
                  <svg
                    data-icon="cross"
                    height={16}
                    viewBox="0 0 16 16"
                    width={16}
                  >
                    <desc>
                      cross
                    </desc>
                    <path
                      d="M9.41 8l3.29-3.29c.19-.18.3-.43.3-.71a1.003 1.003 0 00-1.71-.71L8 6.59l-3.29-3.3a1.003 1.003 0 00-1.42 1.42L6.59 8 3.3 11.29c-.19.18-.3.43-.3.71a1.003 1.003 0 001.71.71L8 9.41l3.29 3.29c.18.19.43.3.71.3a1.003 1.003 0 00.71-1.71L9.41 8z"
                      fillRule="evenodd"
                      key="0"
                    />
                  </svg>
                </span>
              </button>
            </div>
          </div>
        </div>
        <div
          className="mosaic-window-body"
        >
          Editor
        </div>
        <div
          className="mosaic-window-body-overlay"
          onClick={[Function]}
        />
        <div
          className="mosaic-window-additional-actions-bar"
        />
        <div
          className="mosaic-preview"
        >
          <div
            className="mosaic-window-toolbar"
          >
            <div
              className="mosaic-window-title"
            >
              HTML (index.html)
            </div>
          </div>
          <div
            className="mosaic-window-body"
          >
            <h4>
              HTML (index.html)
            </h4>
            <span
              className="bp3-icon bp3-icon-application"
              icon="application"
            >
              <svg
                data-icon="application"
                height={72}
                viewBox="0 0 20 20"
                width={72}
              >
                <desc>
                  application
                </desc>
                <path
                  d="M3.5 9h9c.28 0 .5-.22.5-.5s-.22-.5-.5-.5h-9c-.28 0-.5.22-.5.5s.22.5.5.5zm0 2h5c.28 0 .5-.22.5-.5s-.22-.5-.5-.5h-5c-.28 0-.5.22-.5.5s.22.5.5.5zM19 1H1c-.55 0-1 .45-1 1v16c0 .55.45 1 1 1h18c.55 0 1-.45 1-1V2c0-.55-.45-1-1-1zm-1 16H2V6h16v11zM3.5 13h7c.28 0 .5-.22.5-.5s-.22-.5-.5-.5h-7c-.28 0-.5.22-.5.5s.22.5.5.5z"
                  fillRule="evenodd"
                  key="0"
                />
              </svg>
            </span>
          </div>
        </div>
        <div
          className="drop-target-container"
        >
          <div
            className="drop-target top"
          />
          <div
            className="drop-target bottom"
          />
          <div
            className="drop-target left"
          />
          <div
            className="drop-target right"
          />
        </div>
      </div>
    </div>
    <div
      className="mosaic-split -column"
      onMouseDown={[Function]}
      style={
        Object {
          "bottom": "0%",
          "left": "50%",
          "right": "0%",
          "top": "75%",
        }
      }
    >
      <div
        className="mosaic-split-line"
      />
    </div>
    <div
      className="mosaic-tile"
      key="docsDemo"
      style={
        Object {
          "bottom": "0%",
          "left": "50%",
          "right": "0%",
          "top": "75%",
        }
      }
    >
      <div
        className="mosaic-window mosaic-drop-target docsDemo"
      >
        <div
          className="mosaic-window-toolbar draggable"
        >
          <div>
            <div>
              <h5>
                Docs & Demos
              </h5>
            </div>
            <div />
            <div
              className="mosaic-controls"
            >
              <button
                className="bp3-button bp3-small"
                onClick={[Function]}
                onKeyDown={[Function]}
                onKeyUp={[Function]}
                type="button"
              >
                <span
                  className="bp3-icon bp3-icon-home"
                  icon="home"
                >
                  <svg
                    data-icon="home"
                    height={16}
                    viewBox="0 0 16 16"
                    width={16}
                  >
                    <desc>
                      home
                    </desc>
                    <path
                      d="M2 10v5c0 .55.45 1 1 1h3v-5h4v5h3c.55 0 1-.45 1-1v-5L8 4l-6 6zm13.71-2.71L14 5.59V2c0-.55-.45-1-1-1s-1 .45-1 1v1.59L8.71.29C8.53.11 8.28 0 8 0s-.53.11-.71.29l-7 7a1.003 1.003 0 001.42 1.42L8 2.41l6.29 6.29c.18.19.43.3.71.3a1.003 1.003 0 00.71-1.71z"
                      fillRule="evenodd"
                      key="0"
                    />
                  </svg>
                </span>
                <span
                  className="bp3-button-text"
                  key="text"
                >
                  Overview
                </span>
              </button>
              <button
                className="bp3-button bp3-small"
                onClick={[Function]}
                onKeyDown={[Function]}
                onKeyUp={[Function]}
                type="button"
              >
                <span
                  className="bp3-icon bp3-icon-maximize"
                  icon="maximize"
                >
                  <svg
                    data-icon="maximize"
                    height={16}
                    viewBox="0 0 16 16"
                    width={16}
                  >
                    <desc>
                      maximize
                    </desc>
                    <path
                      d="M5.99 8.99c-.28 0-.53.11-.71.29l-3.29 3.29v-1.59c0-.55-.45-1-1-1s-1 .45-1 1v4c0 .55.45 1 1 1h4c.55 0 1-.45 1-1s-.45-1-1-1H3.41L6.7 10.7a1.003 1.003 0 00-.71-1.71zm9-9h-4c-.55 0-1 .45-1 1s.45 1 1 1h1.59l-3.3 3.3a.99.99 0 00-.29.7 1.003 1.003 0 001.71.71l3.29-3.29V5c0 .55.45 1 1 1s1-.45 1-1V1c0-.56-.45-1.01-1-1.01z"
                      fillRule="evenodd"
                      key="0"
                    />
                  </svg>
                </span>
              </button>
              <button
                className="bp3-button bp3-small"
                onClick={[Function]}
                onKeyDown={[Function]}
                onKeyUp={[Function]}
                type="button"
              >
                <span
                  className="bp3-icon bp3-icon-cross"
                  icon="cross"
                >
                  <svg
                    data-icon="cross"
                    height={16}
                    viewBox="0 0 16 16"
                    width={16}
                  >
                    <desc>
                      cross
                    </desc>
                    <path
                      d="M9.41 8l3.29-3.29c.19-.18.3-.43.3-.71a1.003 1.003 0 00-1.71-.71L8 6.59l-3.29-3.3a1.003 1.003 0 00-1.42 1.42L6.59 8 3.3 11.29c-.19.18-.3.43-.3.71a1.003 1.003 0 001.71.71L8 9.41l3.29 3.29c.18.19.43.3.71.3a1.003 1.003 0 00.71-1.71L9.41 8z"
                      fillRule="evenodd"
                      key="0"
                    />
                  </svg>
                </span>
              </button>
            </div>
          </div>
        </div>
        <div
          className="mosaic-window-body"
        >
          <div
            className="show-me-panel"
          >
            Array [
              <span
                className="bp3-icon bp3-icon-help"
                icon="help"
                style={
                  Object {
                    "float": "left",
                    "margin": "0 10px 0 0",
                  }
                }
              >
                <svg
                  data-icon="help"
                  height={40}
                  viewBox="0 0 20 20"
                  width={40}
                >
                  <desc>
                    help
                  </desc>
                  <path
                    d="M10 0C4.48 0 0 4.48 0 10s4.48 10 10 10 10-4.48 10-10S15.52 0 10 0zM7.41 4.62c.65-.54 1.51-.82 2.56-.82.54 0 1.03.08 1.48.25.44.17.83.39 1.14.68.32.29.56.63.74 1.02.17.39.26.82.26 1.27s-.08.87-.24 1.23c-.16.37-.4.73-.71 1.11l-1.21 1.58c-.14.17-.28.33-.32.48-.05.15-.11.35-.11.6v.97H9v-2s.06-.58.24-.81l1.21-1.64c.25-.3.41-.56.51-.77s.14-.44.14-.67c0-.35-.11-.63-.32-.85s-.5-.33-.88-.33c-.37 0-.67.11-.89.33-.22.23-.37.54-.46.94-.03.12-.11.17-.23.16l-1.95-.29c-.12-.01-.16-.08-.14-.22.13-.93.52-1.67 1.18-2.22zM9 14h2.02L11 16H9v-2z"
                    fillRule="evenodd"
                    key="0"
                  />
                </svg>
              </span>,
              <p
                className="bp3r-running-text"
              >
                This panel offers useful information about Electron APIs – and easy way to try some of the methods it offers. Fiddle has an example fiddle for every module available in Electron.
              </p>,
              <p>
                Clicking on any of the modules below will open up a fiddle showcasing that particular module.
              </p>,
              <ul
                className="show-me-list"
              >
                <li
                  key="DEMO_APP"
                >
                  <button
                    className="bp3-button bp3-minimal"
                    onClick={[Function]}
                    onKeyDown={[Function]}
                    onKeyUp={[Function]}
                    type="button"
                  >
                    <span
                      className="bp3-icon bp3-icon-play"
                      icon="play"
                    >
                      <svg
                        data-icon="play"
                        height={16}
                        viewBox="0 0 16 16"
                        width={16}
                      >
                        <desc>
                          play
                        </desc>
                        <path
                          d="M12 8c0-.35-.19-.64-.46-.82l.01-.02-6-4-.01.02A.969.969 0 005 3c-.55 0-1 .45-1 1v8c0 .55.45 1 1 1 .21 0 .39-.08.54-.18l.01.02 6-4-.01-.02c.27-.18.46-.47.46-.82z"
                          fillRule="evenodd"
                          key="0"
                        />
                      </svg>
                    </span>
                    <span
                      className="bp3-button-text"
                      key="text"
                    >
                      App Demos
                    </span>
                  </button>
                </li>
              </ul>,
              <br />,
              <p
                className="b3-running-text"
              >
                For more documentation, visit 
                <a
                  id="open-url"
                  onClick={[Function]}
                >
                  electronjs.org/docs
                </a>
                , where you can find the full documentation for Electron.
              </p>,
              <p
                className="bp3-text-muted"
              >
                By the way, Electron Fiddle and the documentation you see here is entirely open source. If you have ideas on how to improve it, we'd love to have your contributions! You can find the repository on 
                <a
                  id="open-github"
                  onClick={[Function]}
                >
                  GitHub
                </a>
                .
              </p>,
            ]
          </div>
        </div>
        <div
          className="mosaic-window-body-overlay"
          onClick={[Function]}
        />
        <div
          className="mosaic-window-additional-actions-bar"
        />
        <div
          className="mosaic-preview"
        >
          <div
            className="mosaic-window-toolbar"
          >
            <div
              className="mosaic-window-title"
            >
              Docs & Demos
            </div>
          </div>
          <div
            className="mosaic-window-body"
          >
            <h4>
              Docs & Demos
            </h4>
            <span
              className="bp3-icon bp3-icon-application"
              icon="application"
            >
              <svg
                data-icon="application"
                height={72}
                viewBox="0 0 20 20"
                width={72}
              >
                <desc>
                  application
                </desc>
                <path
                  d="M3.5 9h9c.28 0 .5-.22.5-.5s-.22-.5-.5-.5h-9c-.28 0-.5.22-.5.5s.22.5.5.5zm0 2h5c.28 0 .5-.22.5-.5s-.22-.5-.5-.5h-5c-.28 0-.5.22-.5.5s.22.5.5.5zM19 1H1c-.55 0-1 .45-1 1v16c0 .55.45 1 1 1h18c.55 0 1-.45 1-1V2c0-.55-.45-1-1-1zm-1 16H2V6h16v11zM3.5 13h7c.28 0 .5-.22.5-.5s-.22-.5-.5-.5h-7c-.28 0-.5.22-.5.5s.22.5.5.5z"
                  fillRule="evenodd"
                  key="0"
                />
              </svg>
            </span>
          </div>
        </div>
        <div
          className="drop-target-container"
        >
          <div
            className="drop-target top"
          />
          <div
            className="drop-target bottom"
          />
          <div
            className="drop-target left"
          />
          <div
            className="drop-target right"
          />
        </div>
      </div>
    </div>
  </div>
  <div
    className="drop-target-container"
  >
    <div
      className="drop-target top"
    />
    <div
      className="drop-target bottom"
    />
    <div
      className="drop-target left"
    />
    <div
      className="drop-target right"
    />
  </div>
</div>
`;

exports[`Editors component renders a toolbar 1`] = `
<div>
  <div>
    <h5>
      Main Process (main.js)
    </h5>
  </div>
  <div />
  <div
    className="mosaic-controls"
  >
    <MaximizeButton
      appState={
        Object {
          "currentDocsDemoPage": "DEFAULT",
          "isSettingsShowing": false,
          "isTokenDialogShowing": false,
          "mosaicArrangement": Object {
            "direction": "row",
            "first": Object {
              "direction": "column",
              "first": "main",
              "second": "renderer",
            },
            "second": Object {
              "direction": "column",
              "first": "preload",
              "second": Object {
                "direction": "column",
                "first": "html",
                "second": "docsDemo",
              },
            },
          },
          "setWarningDialogTexts": [Function],
        }
      }
      id="main"
    />
    <RemoveButton
      appState={
        Object {
          "currentDocsDemoPage": "DEFAULT",
          "isSettingsShowing": false,
          "isTokenDialogShowing": false,
          "mosaicArrangement": Object {
            "direction": "row",
            "first": Object {
              "direction": "column",
              "first": "main",
              "second": "renderer",
            },
            "second": Object {
              "direction": "column",
              "first": "preload",
              "second": Object {
                "direction": "column",
                "first": "html",
                "second": "docsDemo",
              },
            },
          },
          "setWarningDialogTexts": [Function],
        }
      }
      id="main"
    />
  </div>
</div>
`;
