// Jest Snapshot v1, https://goo.gl/fbAQLP

exports[`Editrors component renders 1`] = `
<DragDropContext(Mosaic)
  initialValue={
    Object {
      "direction": "row",
      "first": "main",
      "second": Object {
        "direction": "column",
        "first": "renderer",
        "second": "html",
      },
    }
  }
  onChange={[Function]}
  renderTile={[Function]}
/>
`;
