// Jest Snapshot v1, https://goo.gl/fbAQLP

exports[`Header component renders 1`] = `
<React.Fragment>
  <chrome-mac
    appState={Object {}}
  />
  <header
    id="header"
  >
    <commands
      appState={Object {}}
      key="commands"
    />
    <output
      appState={Object {}}
      key="output"
    />
  </header>
  <welcome-tour
    appState={Object {}}
  />
</React.Fragment>
`;
