// Jest Snapshot v1, https://goo.gl/fbAQLP

exports[`Output component renders with output 1`] = `
<div
  className="output"
>
  <p
    key="1532704073130--0--0"
    style={Object {}}
  >
    <span
      className="timestamp"
    >
      1532704073130
    </span>
    Hi!
  </p>
  <p
    key="1532704073130--1--0"
    style={
      Object {
        "whiteSpace": "initial",
      }
    }
  >
    <span
      className="timestamp"
    >
      1532704073130
    </span>
    Hi!
  </p>
</div>
`;
