// Jest Snapshot v1, https://goo.gl/fbAQLP

exports[`ConsoleSettings component renders 1`] = `
<div>
  <h1>
    Console
  </h1>
  <Blueprint3.Callout>
    <Blueprint3.FormGroup>
      <p>
        Enable this option to automatically clear the console whenever you run your
      fiddle.
      </p>
      <Blueprint3.Checkbox
        label="Clear on run."
        onChange={[Function]}
      />
    </Blueprint3.FormGroup>
  </Blueprint3.Callout>
</div>
`;
