// Jest Snapshot v1, https://goo.gl/fbAQLP

exports[`MirrorSettings component renders 1`] = `
<div>
  <h4>
    Electron Mirrors
  </h4>
  <Blueprint4.Callout>
    <Blueprint4.RadioGroup
      inline={true}
      label="If you don't have access to Electron's GitHub releases, you can tell Fiddle to download Electron binaries from an alternate source."
      onChange={[Function]}
      selectedValue="DEFAULT"
    >
      <Blueprint4.Radio
        label="Default"
        value="DEFAULT"
      />
      <Blueprint4.Radio
        label="China"
        value="CHINA"
      />
      <Blueprint4.Radio
        label="Custom"
        value="CUSTOM"
      />
    </Blueprint4.RadioGroup>
    <Blueprint4.InputGroup
      disabled={true}
      onChange={[Function]}
      value="https://github.com/electron/electron/releases/download/"
    />
    <Blueprint4.InputGroup
      disabled={true}
      onChange={[Function]}
      value="https://github.com/electron/nightlies/releases/download/"
    />
  </Blueprint4.Callout>
</div>
`;
