// Jest Snapshot v1, https://goo.gl/fbAQLP

exports[`FontSettings component renders 1`] = `
<div>
  <h1>
    Font Settings
  </h1>
  <Blueprint4.Callout>
    <p>
      Set a font family and size for your editors. Reload or restart for changes to take effect.
    </p>
    <Blueprint4.FormGroup
      label="Font Family"
      labelFor="font-family"
    >
      <Blueprint4.InputGroup
        id="font-family"
        onChange={[Function]}
      />
    </Blueprint4.FormGroup>
    <Blueprint4.FormGroup
      label="Font Size"
      labelFor="font-size"
    >
      <Blueprint4.InputGroup
        id="font-size"
        onChange={[Function]}
        value=""
      />
      <Blueprint4.Button
        icon="repeat"
        onClick={[Function]}
        text="Reload Window"
      />
    </Blueprint4.FormGroup>
  </Blueprint4.Callout>
</div>
`;
