// Jest Snapshot v1, https://goo.gl/fbAQLP

exports[`PackageAuthorSettings component renders 1`] = `
<div>
  <h4>
    Package Author
  </h4>
  <Blueprint3.Callout>
    <Blueprint3.FormGroup
      label="Set the package.json author field for your exported Fiddle projects."
      labelFor="package-author"
    >
      <Blueprint3.InputGroup
        id="package-author"
        onChange={[Function]}
        value="electron<electron@electron.org>"
      />
    </Blueprint3.FormGroup>
  </Blueprint3.Callout>
</div>
`;
