// Jest Snapshot v1, https://goo.gl/fbAQLP

exports[`GeneralSettings component renders 1`] = `
<div>
  <h1>
    General Settings
  </h1>
  <settings-appearance
    appState={Object {}}
    toggleHasPopoverOpen={[Function]}
  />
  <Blueprint3.Divider />
  <FontSettings
    appState={Object {}}
  />
  <Blueprint3.Divider />
  <settings-console
    appState={Object {}}
  />
  <Blueprint3.Divider />
  <settings-github
    appState={Object {}}
  />
  <Blueprint3.Divider />
  <settings-block-accelerators
    appState={Object {}}
  />
  <Blueprint3.Divider />
  <settings-package-author
    appState={Object {}}
  />
  <Blueprint3.Divider />
  <settings-general-mirror
    appState={Object {}}
  />
</div>
`;
