// Jest Snapshot v1, https://goo.gl/fbAQLP

exports[`ElectronSettings component renders 1`] = `
<div
  className="settings-electron"
>
  <h2>
    Electron Settings
  </h2>
  <Blueprint3.Callout>
    <Blueprint3.FormGroup
      label="Include Electron versions from these release channels:"
    >
      <Blueprint3.Checkbox
        checked={true}
        id="Stable"
        inline={true}
        label="Stable"
        onChange={[Function]}
      />
      <Blueprint3.Checkbox
        checked={true}
        id="Beta"
        inline={true}
        label="Beta"
        onChange={[Function]}
      />
      <Blueprint3.Checkbox
        checked={false}
        id="Nightly"
        inline={true}
        label="Nightly"
        onChange={[Function]}
      />
      <Blueprint3.Checkbox
        checked={false}
        id="Unsupported"
        inline={true}
        label="Unsupported"
        onChange={[Function]}
      />
    </Blueprint3.FormGroup>
    <Blueprint3.FormGroup
      label="Number of recent Electron releases to include:"
    >
      <Blueprint3.Slider
        disabled={false}
        initialValue={30}
        labelStepSize={30}
        max={300}
        min={30}
        onChange={[Function]}
        showTrackFill={true}
        stepSize={30}
        value={60}
        vertical={false}
      />
    </Blueprint3.FormGroup>
  </Blueprint3.Callout>
  <br />
  <Blueprint3.Callout>
    <Blueprint3.ButtonGroup
      fill={true}
    >
      <Blueprint3.Button
        icon="numbered-list"
        onClick={[Function]}
        text="Update Electron Release List"
      />
      <Blueprint3.Button
        disabled={false}
        icon="download"
        onClick={[Function]}
        text="Download All Versions"
      />
      <Blueprint3.Button
        disabled={false}
        icon="trash"
        onClick={[Function]}
        text="Delete All Downloads"
      />
      <Blueprint3.Button
        icon="document-open"
        onClick={[Function]}
        text="Add Local Electron Build"
      />
    </Blueprint3.ButtonGroup>
    <HTMLTable
      className="electron-versions-table"
      striped={true}
    >
      <thead>
        <tr>
          <th>
            Version
          </th>
          <th>
            Status
          </th>
          <th
            className="action"
          >
            Action
          </th>
        </tr>
      </thead>
      <tbody>
        <tr
          key="v2.0.2"
        >
          <td>
            v2.0.2
          </td>
          <td>
            <span>
              <Blueprint3.Icon
                icon="cloud-download"
              />
               
              Downloading
            </span>
          </td>
          <td
            className="action"
          >
            <Blueprint3.Button
              disabled={true}
              fill={true}
              icon="cloud-download"
              loading={true}
              small={true}
              text="Downloading"
            />
          </td>
        </tr>
        <tr
          key="v2.0.1"
        >
          <td>
            v2.0.1
          </td>
          <td>
            <span>
              <Blueprint3.Icon
                icon="box"
              />
               
              Downloaded
            </span>
          </td>
          <td
            className="action"
          >
            <Blueprint3.Button
              fill={true}
              icon="trash"
              onClick={[Function]}
              small={true}
              text="Delete"
            />
          </td>
        </tr>
        <tr
          key="v1.8.7"
        >
          <td>
            v1.8.7
          </td>
          <td>
            <span>
              <Blueprint3.Icon
                icon="cloud"
              />
               
              Not downloaded
            </span>
          </td>
          <td
            className="action"
          >
            <Blueprint3.Button
              disabled={false}
              fill={true}
              icon="cloud-download"
              loading={false}
              onClick={[Function]}
              small={true}
              text="Download"
            />
          </td>
        </tr>
      </tbody>
    </HTMLTable>
  </Blueprint3.Callout>
</div>
`;
