// Vitest Snapshot v1, https://vitest.dev/guide/snapshot.html

exports[`ElectronSettings component > renders 1`] = `
<div
  className="settings-electron"
>
  <h1>
    Electron Settings
  </h1>
  <Blueprint3.Callout>
    <Blueprint3.FormGroup>
      <div
        style={
          {
            "marginBottom": "8px",
          }
        }
      >
        <label
          style={
            {
              "display": "block",
              "fontWeight": "bold",
              "marginBottom": "4px",
            }
          }
        >
          Channels
        </label>
        <Blueprint3.Tooltip2
          content="Can't disable channel of selected version (2.0.1)"
          disabled={false}
          hoverCloseDelay={0}
          hoverOpenDelay={100}
          intent="primary"
          key="Stable"
          minimal={false}
          position="bottom"
          transitionDuration={100}
        >
          <Blueprint3.Checkbox
            checked={true}
            disabled={true}
            id="Stable"
            inline={true}
            label="Stable"
            onChange={[Function]}
          />
        </Blueprint3.Tooltip2>
        <Blueprint3.Tooltip2
          content="Can't disable channel of selected version (2.0.1)"
          disabled={true}
          hoverCloseDelay={0}
          hoverOpenDelay={100}
          intent="primary"
          key="Beta"
          minimal={false}
          position="bottom"
          transitionDuration={100}
        >
          <Blueprint3.Checkbox
            checked={true}
            disabled={false}
            id="Beta"
            inline={true}
            label="Beta"
            onChange={[Function]}
          />
        </Blueprint3.Tooltip2>
        <Blueprint3.Tooltip2
          content="Can't disable channel of selected version (2.0.1)"
          disabled={true}
          hoverCloseDelay={0}
          hoverOpenDelay={100}
          intent="primary"
          key="Nightly"
          minimal={false}
          position="bottom"
          transitionDuration={100}
        >
          <Blueprint3.Checkbox
            checked={false}
            disabled={false}
            id="Nightly"
            inline={true}
            label="Nightly"
            onChange={[Function]}
          />
        </Blueprint3.Tooltip2>
      </div>
      <div>
        <label
          style={
            {
              "display": "block",
              "fontWeight": "bold",
              "marginBottom": "4px",
            }
          }
        >
          Visibility
        </label>
        <Blueprint3.Checkbox
          checked={false}
          id="showUndownloadedVersions"
          inline={true}
          label="Show not downloaded versions"
          onChange={[Function]}
        />
        <Blueprint3.Tooltip2
          content="Include versions that have reached end-of-life (older than 9.0.0)"
          hoverCloseDelay={0}
          hoverOpenDelay={100}
          intent="primary"
          minimal={false}
          position="bottom"
          transitionDuration={100}
        >
          <Blueprint3.Checkbox
            checked={false}
            id="showObsoleteVersions"
            inline={true}
            label="Show obsolete versions"
            onChange={[Function]}
          />
        </Blueprint3.Tooltip2>
      </div>
    </Blueprint3.FormGroup>
  </Blueprint3.Callout>
  <br />
  <Blueprint3.Callout>
    <Blueprint3.ButtonGroup
      fill={true}
    >
      <Blueprint3.Button
        icon="numbered-list"
        onClick={[Function]}
        text="Update Electron Release List"
      />
      <Blueprint3.Button
        disabled={false}
        icon="download"
        onClick={[Function]}
        text="Download All Versions"
      />
      <Blueprint3.Button
        disabled={false}
        icon="trash"
        onClick={[Function]}
        text="Delete All Downloads"
      />
      <Blueprint3.Button
        icon="document-open"
        onClick={[Function]}
        text="Add Local Electron Build"
      />
    </Blueprint3.ButtonGroup>
    <Blueprint3.InputGroup
      className="version-filter"
      leftIcon="filter"
      onChange={[Function]}
      placeholder="Filter versions..."
      value=""
    />
    <div
      className="electron-versions-table"
    >
      <div
        className="electron-versions-header"
      >
        <div
          className="version-col"
        >
          Version
        </div>
        <div
          className="status-col"
        >
          Status
        </div>
        <div
          className="action-col"
        >
          Action
        </div>
      </div>
      <FixedSizeList
        className="electron-versions-list"
        height={400}
        itemCount={7}
        itemData={
          {
            "appState": {
              "channelsToShow": [
                "Stable",
                "Beta",
              ],
              "currentElectronVersion": "2.0.1 remote installed",
              "version": "2.0.1",
              "versions": [
                "2.0.3 remote installed",
                "2.0.2 remote installed",
                "2.0.1 remote installed",
                "2.0.0 remote installed",
                "1.8.7 remote installed",
                "3.0.0 local installed",
                "3.0.0-nightly.1 remote installed",
              ],
              "versionsToShow": [
                "3.0.0-nightly.1 remote installed",
                "3.0.0 local installed",
                "2.0.3 remote installed",
                "2.0.2 remote downloading",
                "2.0.1 remote missing",
                "2.0.0 remote installing",
                "1.8.7 remote installed",
              ],
            },
            "renderAction": [Function],
            "renderHumanState": [Function],
            "versions": [
              {
                "source": "remote",
                "state": "installed",
                "version": "3.0.0-nightly.1",
              },
              {
                "source": "local",
                "state": "installed",
                "version": "3.0.0",
              },
              {
                "source": "remote",
                "state": "installed",
                "version": "2.0.3",
              },
              {
                "source": "remote",
                "state": "downloading",
                "version": "2.0.2",
              },
              {
                "source": "remote",
                "state": "missing",
                "version": "2.0.1",
              },
              {
                "source": "remote",
                "state": "installing",
                "version": "2.0.0",
              },
              {
                "source": "remote",
                "state": "installed",
                "version": "1.8.7",
              },
            ],
          }
        }
        itemSize={40}
        key="3.0.0-nightly.1:installed:0|3.0.0:installed:0|2.0.3:installed:0|2.0.2:downloading:0|2.0.1:missing:0|2.0.0:installing:0|1.8.7:installed:0"
        width="100%"
      >
        <Component />
      </FixedSizeList>
    </div>
  </Blueprint3.Callout>
</div>
`;
