// Jest Snapshot v1, https://goo.gl/fbAQLP

exports[`ConsoleSettings component renders 1`] = `
<div>
  <h1>
    Console
  </h1>
  <Blueprint4.Callout>
    <Blueprint4.FormGroup>
      <p>
        Enable this option to automatically clear the console whenever you run your
      fiddle.
      </p>
      <Blueprint4.Checkbox
        label="Clear on run."
        onChange={[Function]}
      />
    </Blueprint4.FormGroup>
  </Blueprint4.Callout>
</div>
`;
