// Jest Snapshot v1, https://goo.gl/fbAQLP

exports[`TokenDialog component renders 1`] = `
<Dialog
  buttons={
    Array [
      <button
        className="button"
        disabled={true}
        onClick={[Function]}
        type="submit"
      >
        Done
      </button>,
      <button
        className="cancel"
        onClick={[Function]}
      >
        Cancel
      </button>,
    ]
  }
  className="tokenDialog"
  isCentered={true}
  isShowing={true}
  isShowingBackdrop={true}
  key="tokenDialog"
  onClose={[Function]}
>
  <span
    className="generateTokenText"
  >
    <FontAwesomeIcon
      border={false}
      className=""
      fixedWidth={false}
      flip={null}
      icon="key"
      inverse={false}
      listItem={false}
      mask={null}
      pull={null}
      pulse={false}
      rotation={null}
      size={null}
      spin={false}
      symbol={false}
      title=""
      transform={null}
    />
    Generate a 
    <a
      onClick={[Function]}
    >
      GitHub Personal Access Token
    </a>
     and paste it here:
  </span>
  <input
    className=""
    onChange={[Function]}
    onFocus={[Function]}
    value=""
  />
</Dialog>
`;
