// Jest Snapshot v1, https://goo.gl/fbAQLP

exports[`Header component renders 1`] = `
<Dialog
  isCentered={true}
  isShowing={true}
  isShowingBackdrop={true}
  key="welcome-tour-dialog"
  onClose={[Function]}
  onConfirm={[Function]}
>
  <h4>
    🙋‍ Hey There!
  </h4>
  <p>
    Welcome to Electron Fiddle! If you're new to the app, we'd like to give you a brief tour of its features.
  </p>
  <p>
    We won't show this dialog again, but you can always find the tour in the Help menu.
  </p>
</Dialog>
`;

exports[`Header component renders the tour once started 1`] = `
<Dialog
  isCentered={true}
  isShowing={true}
  isShowingBackdrop={true}
  key="welcome-tour-dialog"
  onClose={[Function]}
  onConfirm={[Function]}
>
  <h4>
    🙋‍ Hey There!
  </h4>
  <p>
    Welcome to Electron Fiddle! If you're new to the app, we'd like to give you a brief tour of its features.
  </p>
  <p>
    We won't show this dialog again, but you can always find the tour in the Help menu.
  </p>
</Dialog>
`;
