// Jest Snapshot v1, https://goo.gl/fbAQLP

exports[`VersionChooser component renders 1`] = `
<Blueprint3.Select
  filterable={true}
  itemPredicate={[Function]}
  itemRenderer={[Function]}
  items={
    Array [
      Object {
        "assets_url": "https://api.github.com/repos/electron/electron/releases/11120972/assets",
        "body": "## Bug Fixes

* Fixed long jitter buffer delays...",
        "created_at": "2018-05-22T18:52:16Z",
        "html_url": "https://github.com/electron/electron/releases/tag/v2.0.2",
        "name": "electron v2.0.2",
        "prerelease": false,
        "published_at": "2018-05-22T20:14:35Z",
        "source": "remote",
        "state": "ready",
        "tag_name": "v2.0.2",
        "target_commitish": "2-0-x",
        "url": "https://api.github.com/repos/electron/electron/releases/11120972",
      },
      Object {
        "assets_url": "https://api.github.com/repos/electron/electron/releases/11032425/assets",
        "body": "## Bug Fixes

* Fixed flaky security-warnings test. #12776,...",
        "created_at": "2018-05-16T17:30:26Z",
        "html_url": "https://github.com/electron/electron/releases/tag/v2.0.1",
        "name": "electron v2.0.1",
        "prerelease": false,
        "published_at": "2018-05-16T18:40:54Z",
        "source": "remote",
        "state": "unknown",
        "tag_name": "v2.0.1",
        "target_commitish": "2-0-x",
        "url": "https://api.github.com/repos/electron/electron/releases/11032425",
      },
      Object {
        "assets_url": "https://api.github.com/repos/electron/electron/releases/11032343/assets",
        "body": "## Bug Fixes

* Fixed context menu for sandbox devtools. #12734

*...",
        "created_at": "2018-05-16T18:15:18Z",
        "html_url": "https://github.com/electron/electron/releases/tag/v1.8.7",
        "name": "electron v1.8.7",
        "prerelease": false,
        "published_at": "2018-05-16T18:21:33Z",
        "source": "remote",
        "state": "ready",
        "tag_name": "v1.8.7",
        "target_commitish": "1-8-x",
        "url": "https://api.github.com/repos/electron/electron/releases/11032343",
      },
    ]
  }
  noResults={
    <Blueprint3.MenuItem
      disabled={true}
      multiline={false}
      popoverProps={Object {}}
      shouldDismissPopover={true}
      text="No results."
    />
  }
  onItemSelect={[Function]}
>
  <Blueprint3.Button
    rightIcon="projects"
    text="Electron vundefined"
  />
</Blueprint3.Select>
`;
